\BOOKMARK [1][-]{section.1}{\376\377\137\025\212\000}{}% 1
\BOOKMARK [1][-]{section.2}{\376\377\200\314\146\157\116\016\166\370\121\163\135\345\117\134}{}% 2
\BOOKMARK [2][-]{subsection.2.1}{\376\377\200\124\220\246\133\146\116\140\116\016\217\271\177\030\213\241\173\227\123\117\124\014\147\266\147\204}{section.2}% 3
\BOOKMARK [2][-]{subsection.2.2}{\376\377\217\271\177\030\117\052\210\305\060\001\152\041\127\213\142\225\153\322\116\016\226\220\205\075\124\016\225\350\145\073\121\373}{section.2}% 4
\BOOKMARK [2][-]{subsection.2.3}{\376\377\163\260\147\011\116\073\122\250\226\062\137\241\226\062\176\277\166\204\147\072\122\066\116\016\116\015\123\357\214\003\124\214\166\204\134\100\226\120\140\047}{section.2}% 5
\BOOKMARK [2][-]{subsection.2.4}{\376\377\200\124\220\246\163\257\130\203\116\013\166\204\123\357\117\341\170\154\116\366\117\341\116\373\150\071\000\040\000\050\000T\000E\000E\000\051}{section.2}% 6
\BOOKMARK [1][-]{section.3}{\376\377\174\373\176\337\152\041\127\213\116\016\225\356\230\230\133\232\116\111}{}% 7
\BOOKMARK [2][-]{subsection.3.1}{\376\377\172\357\217\271\116\221\123\117\124\014\147\266\147\204\116\016\174\373\176\337\155\101\217\154\136\372\152\041}{section.3}% 8
\BOOKMARK [2][-]{subsection.3.2}{\376\377\131\015\124\010\127\213\132\001\200\301\120\107\213\276\116\016\137\072\117\341\116\373\136\225\136\247\217\271\165\114\000\040\000\050\000T\000h\000r\000e\000a\000t\000\040\000M\000o\000d\000e\000l\000\051}{section.3}% 9
\BOOKMARK [2][-]{subsection.3.3}{\376\377\133\211\121\150\147\266\147\204\150\070\137\303\226\062\142\244\117\030\123\026\133\374\124\021\000\040\000\050\000D\000e\000s\000i\000g\000n\000\040\000G\000o\000a\000l\000s\000\051}{section.3}% 10
\BOOKMARK [1][-]{section.4}{\376\377\147\054\145\207\145\271\154\325\377\032\117\341\116\373\155\101\232\161\122\250\166\204\123\357\117\341\200\124\220\246\150\106\147\266}{}% 11
\BOOKMARK [2][-]{subsection.4.1}{\376\377\226\066\153\265\116\000\377\032\170\154\116\366\225\032\133\232\121\306\121\145\116\016\127\372\116\216\123\141\134\024\146\374\156\344\154\342\166\204\122\250\140\001\117\341\116\373\136\246\221\317}{section.4}% 12
\BOOKMARK [2][-]{subsection.4.2}{\376\377\226\066\153\265\116\214\377\032\147\015\122\241\126\150\117\030\121\110\166\204\123\302\200\003\145\271\124\021\147\204\136\372\116\016\123\117\124\014\116\000\201\364\140\047\133\241\147\345}{section.4}% 13
\BOOKMARK [2][-]{subsection.4.3}{\376\377\226\066\153\265\116\011\377\032\123\206\123\362\145\110\165\050\116\016\167\254\145\366\230\316\226\151\166\204\153\143\116\244\211\343\200\046\116\016\157\024\123\026}{section.4}% 14
\BOOKMARK [2][-]{subsection.4.4}{\376\377\226\066\153\265\126\333\377\032\131\032\176\364\230\316\226\151\225\350\143\247\232\161\122\250\166\204\122\006\134\102\176\246\147\137\200\132\124\010}{section.4}% 15
\BOOKMARK [2][-]{subsection.4.5}{\376\377\226\066\153\265\116\224\377\032\121\150\134\100\146\364\145\260\116\013\123\321\116\016\217\271\177\030\167\345\213\306\165\131\133\130}{section.4}% 16
\BOOKMARK [2][-]{subsection.4.6}{\376\377\123\314\155\101\153\143\116\244\211\343\200\046\166\204\164\006\213\272\117\335\213\301\000\040\000\050\000T\000h\000e\000o\000r\000e\000t\000i\000c\000a\000l\000\040\000A\000n\000a\000l\000y\000s\000i\000s\000\051}{section.4}% 17
\BOOKMARK [1][-]{section.5}{\376\377\133\236\232\214\116\016\122\006\147\220}{}% 18
\BOOKMARK [2][-]{subsection.5.1}{\376\377\133\236\232\214\213\276\177\156\116\016\123\357\131\015\163\260\123\302\145\160}{section.5}% 19
\BOOKMARK [3][-]{subsubsection.5.1.1}{\376\377\127\372\121\306\163\257\130\203\116\016\174\373\176\337\217\157\170\154\116\366\150\010}{subsection.5.1}% 20
\BOOKMARK [3][-]{subsubsection.5.1.2}{\376\377\145\160\143\156\226\306\137\002\147\204\122\022\122\006\145\271\137\017}{subsection.5.1}% 21
\BOOKMARK [3][-]{subsubsection.5.1.3}{\376\377\140\166\141\017\145\073\121\373\133\236\117\213\116\016\153\324\117\213}{subsection.5.1}% 22
\BOOKMARK [2][-]{subsection.5.2}{\376\377\226\062\137\241\145\110\147\234\133\236\213\301\122\006\147\220}{section.5}% 23
\BOOKMARK [3][-]{subsubsection.5.2.1}{\376\377\121\150\134\100\145\066\145\133\140\047\116\016\145\073\121\373\226\062\203\003\210\150\163\260}{subsection.5.2}% 24
\BOOKMARK [3][-]{subsubsection.5.2.2}{\376\377\117\341\116\373\155\101\217\375\156\257\116\016\140\166\141\017\202\202\160\271\134\001\171\201\122\126\147\220}{subsection.5.2}% 25
\BOOKMARK [3][-]{subsubsection.5.2.3}{\376\377\137\002\147\204\225\177\134\076\202\202\160\271\166\204\213\357\147\100\117\335\226\234\000\040\000\050\000F\000P\000R\000\040\143\007\150\007\122\006\147\220\000\051}{subsection.5.2}% 26
\BOOKMARK [2][-]{subsection.5.3}{\376\377\226\062\137\241\147\072\122\066\152\052\124\021\127\372\121\306\133\371\153\324\000\040\000\050\000B\000a\000s\000e\000l\000i\000n\000e\000\040\000C\000o\000m\000p\000a\000r\000i\000s\000o\000n\000\051}{section.5}% 27
\BOOKMARK [2][-]{subsection.5.4}{\376\377\176\304\116\366\176\247\150\070\137\303\147\072\122\066\155\210\207\215\122\006\147\220\000\040\000\050\000C\000o\000m\000p\000o\000n\000e\000n\000t\000-\000l\000e\000v\000e\000l\000\040\000A\000b\000l\000a\000t\000i\000o\000n\000\040\000S\000t\000u\000d\000y\000\051}{section.5}% 28
\BOOKMARK [3][-]{subsubsection.5.4.1}{\376\377\123\314\155\101\117\341\212\211\211\343\200\046\147\011\145\110\140\047\122\006\147\220}{subsection.5.4}% 29
\BOOKMARK [3][-]{subsubsection.5.4.2}{\376\377\131\032\176\364\230\316\226\151\143\242\224\210\122\145\171\273\122\006\147\220}{subsection.5.4}% 30
\BOOKMARK [3][-]{subsubsection.5.4.3}{\376\377\122\006\134\102\225\350\143\247\116\016\221\315\137\122\116\000\123\026\145\066\145\133\145\110\166\312}{subsection.5.4}% 31
\BOOKMARK [2][-]{subsection.5.5}{\376\377\225\177\134\076\137\002\147\204\145\160\143\156\122\006\136\003\147\201\226\120\123\213\122\233\155\113\213\325\000\040\000\050\000S\000e\000n\000s\000i\000t\000i\000v\000i\000t\000y\000\040\000o\000n\000\040\000D\000a\000t\000a\000\040\000H\000e\000t\000e\000r\000o\000g\000e\000n\000e\000i\000t\000y\000\051}{section.5}% 32
\BOOKMARK [2][-]{subsection.5.6}{\376\377\174\373\176\337\213\241\173\227\116\016\220\032\117\341\230\235\131\026\137\000\225\000\122\006\147\220\000\040\000\050\000O\000v\000e\000r\000h\000e\000a\000d\000\040\000A\000n\000a\000l\000y\000s\000i\000s\000\051}{section.5}% 33
\BOOKMARK [1][-]{section.6}{\376\377\176\323\213\272\116\016\147\052\147\145\134\125\147\033}{}% 34
\BOOKMARK [1][-]{appendix.A}{\376\377\167\254\123\321\230\316\226\151\155\101\000\040\000\050\000R\000i\000s\000k\000\040\000F\000l\000o\000w\000\051\000\040\143\242\224\210\213\241\173\227\147\072\122\066\176\306\202\202}{}% 35
\BOOKMARK [2][-]{subsection.A.1}{\376\377\000A\000.\0001\000\040\150\257\136\246\145\271\124\021\116\016\136\105\136\246\162\151\164\006\143\242\224\210\000\040\000\050\000r\000g\000r\000a\000d\000\051}{appendix.A}% 36
\BOOKMARK [2][-]{subsection.A.2}{\376\377\000A\000.\0002\000\040\134\017\150\067\147\054\121\110\232\214\232\214\213\301\116\244\123\311\161\265\143\242\224\210\000\040\000\050\000r\000p\000r\000o\000b\000e\000\051}{appendix.A}% 37
\BOOKMARK [2][-]{subsection.A.3}{\376\377\000A\000.\0003\000\040\155\361\134\102\171\136\176\317\121\103\226\220\205\075\124\016\225\350\157\300\155\073\143\242\224\210\000\040\000\050\000r\000t\000r\000i\000g\000g\000e\000r\000\051}{appendix.A}% 38
